
> temp-app@0.0.0 build
> vite build

[36mvite v8.0.13 [32mbuilding client environment for production...[36m[39m
[2Ktransforming...✓ 1755 modules transformed.
[31m✗[39m Build failed in 562ms
[31merror during build:
[31mBuild failed with 1 error:

[plugin vite:css] C:/Workspace/01_Projects(Live)/HAU_Updated_site/src/index.css:undefined:NaN
Error: [postcss] It looks like you're trying to use `tailwindcss` directly as a PostCSS plugin. The PostCSS plugin has moved to a separate package, so to continue using Tailwind CSS with PostCSS you'll need to install `@tailwindcss/postcss` and update your PostCSS configuration.
    at ft (C:\Workspace\01_Projects(Live)\HAU_Updated_site\node_modules\tailwindcss\dist\lib.js:38:1643)
    at LazyResult.runOnRoot (C:\Workspace\01_Projects(Live)\HAU_Updated_site\node_modules\postcss\lib\lazy-result.js:361:16)
    at LazyResult.runAsync (C:\Workspace\01_Projects(Live)\HAU_Updated_site\node_modules\postcss\lib\lazy-result.js:290:26)
    at async runPostCSS (file:///C:/Workspace/01_Projects(Live)/HAU_Updated_site/node_modules/vite/dist/node/chunks/node.js:21054:19)
    at async compilePostCSS (file:///C:/Workspace/01_Projects(Live)/HAU_Updated_site/node_modules/vite/dist/node/chunks/node.js:21038:6)
    at async compileCSS (file:///C:/Workspace/01_Projects(Live)/HAU_Updated_site/node_modules/vite/dist/node/chunks/node.js:20968:26)
    at async TransformPluginContextImpl.handler (file:///C:/Workspace/01_Projects(Live)/HAU_Updated_site/node_modules/vite/dist/node/chunks/node.js:20476:47)
    at async plugin (file:///C:/Workspace/01_Projects(Live)/HAU_Updated_site/node_modules/rolldown/dist/shared/bindingify-input-options-BnfFBV6b.mjs:1185:16)
    at async plugin.<computed> (file:///C:/Workspace/01_Projects(Live)/HAU_Updated_site/node_modules/rolldown/dist/shared/bindingify-input-options-BnfFBV6b.mjs:1625:12)[31m
    at aggregateBindingErrorsIntoJsError (file:///C:/Workspace/01_Projects(Live)/HAU_Updated_site/node_modules/rolldown/dist/shared/error-CkdMJ9ps.mjs:48:18)
    at unwrapBindingResult (file:///C:/Workspace/01_Projects(Live)/HAU_Updated_site/node_modules/rolldown/dist/shared/error-CkdMJ9ps.mjs:18:128)
    at #build (file:///C:/Workspace/01_Projects(Live)/HAU_Updated_site/node_modules/rolldown/dist/shared/rolldown-build-BVD3dIdE.mjs:3275:34)
    at async buildEnvironment (file:///C:/Workspace/01_Projects(Live)/HAU_Updated_site/node_modules/vite/dist/node/chunks/node.js:33133:64)
    at async Object.build (file:///C:/Workspace/01_Projects(Live)/HAU_Updated_site/node_modules/vite/dist/node/chunks/node.js:33555:19)
    at async Object.buildApp (file:///C:/Workspace/01_Projects(Live)/HAU_Updated_site/node_modules/vite/dist/node/chunks/node.js:33552:153)
    at async CAC.<anonymous> (file:///C:/Workspace/01_Projects(Live)/HAU_Updated_site/node_modules/vite/dist/node/cli.js:777:3) {
  errors: [Getter/Setter]
}[39m
